 1739 1156 488 127 488 124 470 125 6528
 1252 262 179 5824

 488
 488 488
 488 488 488
 6546
 1424
 2093
 28517
 6546 106
 1306 11113 3018
 1306 11113 3018
 1306 11113 5055
 1306 11113 5055
 1306 11113 5055 108
 25610 2086 3018 108
 25610 2086 3018 108
 1413 1239 28762 1228
 1144 123 127 131 488 130 1585 5275 182 1106 190 4091 20260
 17344 376 365 8703 23498 377 362 354 22466 17739
 488
 488 4419 7438 116 488 455 1098 4880 2756 1629 1895 16461 1120 1892 14227 1589 116 488 500 1175 10490 1895 186 9827 1302 1602 2019 3022 8493 116
 1306 11113
 1306 11113
 488 1306 11113
 488 488 1306 11113
 488 488 488 1306 11113
 488 488 488 25610 9945 488 488 488 1306 11113
 1175
 1424 1211
 1330 21374
 25610 2086 1251 114 1390 108 3671 1393 1421 488 1617 788 784 707 30790 751 622 124 126 124 127 124 128 124 722 201
 10740 13697
 488 126
 488 126 126
 488 126 126 126
 488 126 126 126 126
 488 126 126 126 126 126
 488 126 126 126 126 126 126
 488 126 126 126 126 126 126 126
 488 126 126 126 126 126 126 126 126
 488 126 126 126 126 126 126 126 126 126
 12116 10868 453 191
 2676 3656
 1424 2093 28517 6546 11155 6546 106 488 1424 488 488 1424 488 488 488 1424 488 488 488 488 1424 4419 7438 116 488 455 1098 4880 2756 1629 1895 16461 1120 1892 14227 1589 116 488 500 488 488 126 488 126 126 488 126 126 126 488 126 126 126 126 488 126 126 126 126 126 488 126 126 126 126 126 126 488 126 126 126 126 126 126 126 488 126 126 126 126 126 126 126 126 488 126 121 126 488 126 1240 126 488 126 1553 126 488 1617 788 784 707 30790 751 622 124 126 124 127 124 128 124 722 201 11760 1241 2020 11803 17344 376 365 8703 23498 377 362 354 22466 17739 15099 21674 2083 2083 3321 4239 4239 28582 14983 3475 19734 7076 7109 2023 23576 2066 9754 16381 1330 1825 1421 4467 138 12010 1375 4467 12719 2440 6409 17164 1421 2141 1957 25046 138 1997 114 161 176 1110 114 183 151
